2026-09-04 14:05:14,475 - DVPTest - INFO - === test_managers.py 已加载（新版本）===
2026-09-04 14:05:14,476 - DVPTest - INFO - [TestManager] 初始化完成（完全解耦 + InflectionDetector 版）
2026-09-04 14:05:14,831 - DVPTest - DEBUG - [UI] MainWindow 初始化完成
2026-09-04 14:05:25,604 - DVPTest - INFO - 光标测量已关闭
2026-09-04 14:05:26,702 - DVPTest - INFO - 光标测量已启用（C1/C2一组，B1/B2一组，各独立测量）
2026-09-04 14:05:27,708 - DVPTest - INFO - 光标 C1 已添加 (x=5.61, y=101.47)
2026-09-04 14:05:28,048 - DVPTest - INFO - 光标 C2 已添加 (x=13.97, y=202.34)
2026-09-04 14:05:28,719 - DVPTest - INFO - 光标 B1 已添加 (x=29.84, y=247.58)
2026-09-04 14:05:29,280 - DVPTest - INFO - 光标 B2 已添加 (x=36.80, y=136.35)
2026-09-04 14:05:39,102 - DVPTest - DEBUG - [TestManager] reset 完成
2026-09-04 14:05:39,104 - DVPTest - DEBUG - [UI] _on_plot_update 收到 233 个数据点
2026-09-04 14:05:39,105 - DVPTest - SUCCESS - 已加载波形: 情景1.csv
2026-09-04 14:05:39,105 - DVPTest - DEBUG - [TestManager] reset 完成
2026-09-04 14:05:39,106 - DVPTest - DEBUG - process_data: t=0.12, p=0.0, v=0.000, a=0.0, phase=IDLE
2026-09-04 14:05:39,106 - DVPTest - DEBUG - 充气峰值更新: 0.0 @ 0.12s
2026-09-04 14:05:39,106 - DVPTest - DEBUG - 物理分类结果: STABLE
2026-09-04 14:05:39,107 - DVPTest - DEBUG - process_data: t=0.32, p=0.0, v=0.152, a=0.8, phase=IDLE
2026-09-04 14:05:39,107 - DVPTest - DEBUG - 充气峰值更新: 0.0 @ 0.32s
2026-09-04 14:05:39,107 - DVPTest - DEBUG - 物理分类结果: INFLATING
2026-09-04 14:05:39,108 - DVPTest - DEBUG - process_data: t=0.53, p=0.0, v=0.000, a=-0.7, phase=IDLE
2026-09-04 14:05:39,108 - DVPTest - DEBUG - 物理分类结果: STABLE
2026-09-04 14:05:39,108 - DVPTest - DEBUG - process_data: t=0.72, p=0.0, v=-0.154, a=-0.8, phase=IDLE
2026-09-04 14:05:39,108 - DVPTest - DEBUG - [漏气] 检测到缓慢漏气 @ 0.72s, rate=-0.15
2026-09-04 14:05:39,110 - DVPTest - DEBUG - 物理分类结果: DEFLATING
2026-09-04 14:05:39,110 - DVPTest - DEBUG - process_data: t=0.92, p=0.1, v=0.253, a=2.1, phase=IDLE
2026-09-04 14:05:39,110 - DVPTest - DEBUG - 充气峰值更新: 0.1 @ 0.92s
2026-09-04 14:05:39,111 - DVPTest - DEBUG - 物理分类结果: INFLATING
2026-09-04 14:05:39,112 - DVPTest - DEBUG - process_data: t=1.13, p=0.0, v=-0.146, a=-1.9, phase=IDLE
2026-09-04 14:05:39,112 - DVPTest - DEBUG - [漏气] 检测到缓慢漏气 @ 1.13s, rate=-0.15
2026-09-04 14:05:39,112 - DVPTest - DEBUG - 物理分类结果: DEFLATING
2026-09-04 14:05:39,113 - DVPTest - DEBUG - process_data: t=1.32, p=0.1, v=0.205, a=1.8, phase=IDLE
2026-09-04 14:05:39,113 - DVPTest - DEBUG - 充气峰值更新: 0.1 @ 1.32s
2026-09-04 14:05:39,114 - DVPTest - DEBUG - 物理分类结果: INFLATING
2026-09-04 14:05:39,114 - DVPTest - DEBUG - process_data: t=1.52, p=0.1, v=-0.050, a=-1.3, phase=IDLE
2026-09-04 14:05:39,115 - DVPTest - DEBUG - [漏气] 检测到缓慢漏气 @ 1.52s, rate=-0.05
2026-09-04 14:05:39,115 - DVPTest - DEBUG - 物理分类结果: STABLE
2026-09-04 14:05:39,116 - DVPTest - DEBUG - process_data: t=1.73, p=-0.0, v=-0.388, a=-1.6, phase=IDLE
2026-09-04 14:05:39,116 - DVPTest - DEBUG - 物理分类结果: DEFLATING
2026-09-04 14:05:39,117 - DVPTest - DEBUG - process_data: t=1.92, p=0.0, v=0.306, a=3.5, phase=IDLE
2026-09-04 14:05:39,117 - DVPTest - DEBUG - 物理分类结果: INFLATING
2026-09-04 14:05:39,118 - DVPTest - DEBUG - process_data: t=2.12, p=0.1, v=0.051, a=-1.3, phase=IDLE
2026-09-04 14:05:39,118 - DVPTest - DEBUG - 物理分类结果: STABLE
2026-09-04 14:05:39,119 - DVPTest - DEBUG - process_data: t=2.33, p=-0.0, v=-0.291, a=-1.7, phase=IDLE
2026-09-04 14:05:39,119 - DVPTest - DEBUG - [漏气] 检测到缓慢漏气 @ 2.33s, rate=-0.29
2026-09-04 14:05:39,120 - DVPTest - DEBUG - 物理分类结果: DEFLATING
2026-09-04 14:05:39,120 - DVPTest - DEBUG - process_data: t=2.52, p=0.0, v=0.154, a=2.3, phase=IDLE
2026-09-04 14:05:39,120 - DVPTest - DEBUG - 物理分类结果: INFLATING
2026-09-04 14:05:39,121 - DVPTest - DEBUG - process_data: t=2.72, p=0.6, v=2.864, a=13.6, phase=IDLE
2026-09-04 14:05:39,122 - DVPTest - DEBUG - 充气峰值更新: 0.6 @ 2.72s
2026-09-04 14:05:39,122 - DVPTest - DEBUG - 物理分类结果: INFLATING
2026-09-04 14:05:39,122 - DVPTest - DEBUG - process_data: t=2.93, p=1.5, v=4.589, a=8.3, phase=IDLE
2026-09-04 14:05:39,122 - DVPTest - DEBUG - 充气峰值更新: 1.5 @ 2.93s
2026-09-04 14:05:39,123 - DVPTest - DEBUG - 物理分类结果: INFLATING
2026-09-04 14:05:39,123 - DVPTest - DEBUG - process_data: t=3.12, p=1.7, v=0.923, a=-18.8, phase=IDLE
2026-09-04 14:05:39,124 - DVPTest - DEBUG - 充气峰值更新: 1.7 @ 3.12s
2026-09-04 14:05:39,124 - DVPTest - DEBUG - 物理分类结果: INFLATING
2026-09-04 14:05:39,126 - DVPTest - DEBUG - process_data: t=3.32, p=1.6, v=-0.352, a=-6.4, phase=IDLE
2026-09-04 14:05:39,128 - DVPTest - DEBUG - [漏气] 检测到缓慢漏气 @ 3.32s, rate=-0.35
2026-09-04 14:05:39,129 - DVPTest - DEBUG - 物理分类结果: DEFLATING
2026-09-04 14:05:39,129 - DVPTest - DEBUG - process_data: t=3.53, p=1.7, v=0.341, a=3.4, phase=IDLE
2026-09-04 14:05:39,130 - DVPTest - DEBUG - 物理分类结果: INFLATING
2026-09-04 14:05:39,131 - DVPTest - DEBUG - process_data: t=3.72, p=3.7, v=10.051, a=49.8, phase=IDLE
2026-09-04 14:05:39,132 - DVPTest - DEBUG - 充气峰值更新: 3.7 @ 3.72s
2026-09-04 14:05:39,133 - DVPTest - DEBUG - 物理分类结果: INFLATING
2026-09-04 14:05:39,133 - DVPTest - DEBUG - process_data: t=3.92, p=8.4, v=23.668, a=68.4, phase=IDLE
2026-09-04 14:05:39,134 - DVPTest - DEBUG - 充气峰值更新: 8.4 @ 3.92s
2026-09-04 14:05:39,134 - DVPTest - DEBUG - 充气起始值 5.0 mmHg 到达 @ 3.92s
2026-09-04 14:05:39,134 - DVPTest - DEBUG - 物理分类结果: INFLATING
2026-09-04 14:05:39,135 - DVPTest - INFO - IDLE → INFLATING @ 3.92s, p=8.4
2026-09-04 14:05:39,135 - DVPTest - DEBUG - process_data: t=4.13, p=13.4, v=24.155, a=2.3, phase=INFLATING
2026-09-04 14:05:39,136 - DVPTest - DEBUG - 充气峰值更新: 13.4 @ 4.13s
2026-09-04 14:05:39,136 - DVPTest - DEBUG - 物理分类结果: INFLATING
2026-09-04 14:05:39,137 - DVPTest - DEBUG - process_data: t=4.37, p=19.2, v=24.042, a=-0.5, phase=INFLATING
2026-09-04 14:05:39,137 - DVPTest - DEBUG - 充气峰值更新: 19.2 @ 4.37s
2026-09-04 14:05:39,137 - DVPTest - DEBUG - 物理分类结果: INFLATING
2026-09-04 14:05:39,137 - DVPTest - DEBUG - process_data: t=4.56, p=24.7, v=28.608, a=23.5, phase=INFLATING
2026-09-04 14:05:39,138 - DVPTest - DEBUG - 充气峰值更新: 24.7 @ 4.56s
2026-09-04 14:05:39,138 - DVPTest - DEBUG - 物理分类结果: INFLATING
2026-09-04 14:05:39,138 - DVPTest - DEBUG - process_data: t=4.76, p=31.1, v=32.161, a=17.9, phase=INFLATING
2026-09-04 14:05:39,138 - DVPTest - DEBUG - 充气峰值更新: 31.1 @ 4.76s
2026-09-04 14:05:39,139 - DVPTest - DEBUG - 物理分类结果: INFLATING
2026-09-04 14:05:39,139 - DVPTest - DEBUG - process_data: t=4.97, p=38.6, v=36.456, a=20.9, phase=INFLATING
2026-09-04 14:05:39,139 - DVPTest - DEBUG - 充气峰值更新: 38.6 @ 4.97s
2026-09-04 14:05:39,140 - DVPTest - DEBUG - 物理分类结果: INFLATING
2026-09-04 14:05:39,140 - DVPTest - DEBUG - process_data: t=5.16, p=46.1, v=38.010, a=7.9, phase=INFLATING
2026-09-04 14:05:39,143 - DVPTest - DEBUG - 充气峰值更新: 46.1 @ 5.16s
2026-09-04 14:05:39,144 - DVPTest - DEBUG - 物理分类结果: INFLATING
2026-09-04 14:05:39,145 - DVPTest - DEBUG - process_data: t=5.36, p=54.2, v=41.005, a=15.0, phase=INFLATING
2026-09-04 14:05:39,145 - DVPTest - DEBUG - 充气峰值更新: 54.2 @ 5.36s
2026-09-04 14:05:39,146 - DVPTest - DEBUG - 物理分类结果: INFLATING
2026-09-04 14:05:39,146 - DVPTest - DEBUG - process_data: t=5.57, p=63.8, v=46.214, a=25.3, phase=INFLATING
2026-09-04 14:05:39,147 - DVPTest - DEBUG - 充气峰值更新: 63.8 @ 5.57s
2026-09-04 14:05:39,147 - DVPTest - DEBUG - 物理分类结果: INFLATING
2026-09-04 14:05:39,147 - DVPTest - DEBUG - process_data: t=5.76, p=72.8, v=46.154, a=-0.3, phase=INFLATING
2026-09-04 14:05:39,148 - DVPTest - DEBUG - 充气峰值更新: 72.8 @ 5.76s
2026-09-04 14:05:39,148 - DVPTest - DEBUG - 物理分类结果: INFLATING
2026-09-04 14:05:39,148 - DVPTest - DEBUG - process_data: t=5.96, p=81.7, v=45.533, a=-3.2, phase=INFLATING
2026-09-04 14:05:39,149 - DVPTest - DEBUG - 充气峰值更新: 81.7 @ 5.96s
2026-09-04 14:05:39,149 - DVPTest - DEBUG - 物理分类结果: INFLATING
2026-09-04 14:05:39,149 - DVPTest - DEBUG - process_data: t=6.17, p=91.3, v=46.135, a=2.9, phase=INFLATING
2026-09-04 14:05:39,150 - DVPTest - DEBUG - 充气峰值更新: 91.3 @ 6.17s
2026-09-04 14:05:39,150 - DVPTest - DEBUG - 物理分类结果: INFLATING
2026-09-04 14:05:39,150 - DVPTest - DEBUG - process_data: t=6.36, p=99.9, v=44.205, a=-9.9, phase=INFLATING
2026-09-04 14:05:39,150 - DVPTest - DEBUG - 充气峰值更新: 99.9 @ 6.36s
2026-09-04 14:05:39,151 - DVPTest - DEBUG - 物理分类结果: INFLATING
2026-09-04 14:05:39,151 - DVPTest - DEBUG - process_data: t=6.56, p=108.4, v=42.915, a=-6.5, phase=INFLATING
2026-09-04 14:05:39,151 - DVPTest - DEBUG - 充气峰值更新: 108.4 @ 6.56s
2026-09-04 14:05:39,151 - DVPTest - DEBUG - 物理分类结果: INFLATING
2026-09-04 14:05:39,153 - DVPTest - DEBUG - process_data: t=6.77, p=117.4, v=43.478, a=2.7, phase=INFLATING
2026-09-04 14:05:39,153 - DVPTest - DEBUG - 充气峰值更新: 117.4 @ 6.77s
2026-09-04 14:05:39,153 - DVPTest - DEBUG - 物理分类结果: INFLATING
2026-09-04 14:05:39,153 - DVPTest - DEBUG - process_data: t=6.96, p=125.6, v=41.795, a=-8.6, phase=INFLATING
2026-09-04 14:05:39,154 - DVPTest - DEBUG - 充气峰值更新: 125.6 @ 6.96s
2026-09-04 14:05:39,154 - DVPTest - DEBUG - 物理分类结果: INFLATING
2026-09-04 14:05:39,154 - DVPTest - DEBUG - process_data: t=7.16, p=133.7, v=40.960, a=-4.2, phase=INFLATING
2026-09-04 14:05:39,155 - DVPTest - DEBUG - 充气峰值更新: 133.7 @ 7.16s
2026-09-04 14:05:39,155 - DVPTest - DEBUG - 物理分类结果: INFLATING
2026-09-04 14:05:39,155 - DVPTest - DEBUG - process_data: t=7.37, p=142.2, v=41.408, a=2.2, phase=INFLATING
2026-09-04 14:05:39,156 - DVPTest - DEBUG - 充气峰值更新: 142.2 @ 7.37s
2026-09-04 14:05:39,157 - DVPTest - DEBUG - 物理分类结果: INFLATING
2026-09-04 14:05:39,159 - DVPTest - DEBUG - process_data: t=7.56, p=149.9, v=39.641, a=-9.1, phase=INFLATING
2026-09-04 14:05:39,159 - DVPTest - DEBUG - 充气峰值更新: 149.9 @ 7.56s
2026-09-04 14:05:39,159 - DVPTest - DEBUG - 物理分类结果: INFLATING
2026-09-04 14:05:39,161 - DVPTest - DEBUG - process_data: t=7.76, p=157.6, v=38.050, a=-8.0, phase=INFLATING
2026-09-04 14:05:39,161 - DVPTest - DEBUG - 充气峰值更新: 157.6 @ 7.76s
2026-09-04 14:05:39,162 - DVPTest - DEBUG - 物理分类结果: INFLATING
2026-09-04 14:05:39,162 - DVPTest - DEBUG - process_data: t=7.97, p=165.6, v=39.126, a=5.2, phase=INFLATING
2026-09-04 14:05:39,163 - DVPTest - DEBUG - 充气峰值更新: 165.6 @ 7.97s
2026-09-04 14:05:39,163 - DVPTest - DEBUG - 物理分类结果: INFLATING
2026-09-04 14:05:39,163 - DVPTest - DEBUG - process_data: t=8.16, p=173.0, v=38.051, a=-5.5, phase=INFLATING
2026-09-04 14:05:39,163 - DVPTest - DEBUG - 充气峰值更新: 173.0 @ 8.16s
2026-09-04 14:05:39,164 - DVPTest - DEBUG - 物理分类结果: INFLATING
2026-09-04 14:05:39,164 - DVPTest - DEBUG - process_data: t=8.36, p=180.2, v=36.181, a=-9.4, phase=INFLATING
2026-09-04 14:05:39,164 - DVPTest - DEBUG - 充气峰值更新: 180.2 @ 8.36s
2026-09-04 14:05:39,164 - DVPTest - DEBUG - 物理分类结果: INFLATING
2026-09-04 14:05:39,165 - DVPTest - DEBUG - process_data: t=8.57, p=187.8, v=36.796, a=3.0, phase=INFLATING
2026-09-04 14:05:39,165 - DVPTest - DEBUG - 充气峰值更新: 187.8 @ 8.57s
2026-09-04 14:05:39,165 - DVPTest - DEBUG - 物理分类结果: INFLATING
2026-09-04 14:05:39,165 - DVPTest - DEBUG - process_data: t=8.76, p=194.9, v=36.154, a=-3.3, phase=INFLATING
2026-09-04 14:05:39,166 - DVPTest - DEBUG - 充气峰值更新: 194.9 @ 8.76s
2026-09-04 14:05:39,166 - DVPTest - DEBUG - 物理分类结果: INFLATING
2026-09-04 14:05:39,166 - DVPTest - DEBUG - process_data: t=8.96, p=201.8, v=34.848, a=-6.6, phase=INFLATING
2026-09-04 14:05:39,167 - DVPTest - DEBUG - 充气峰值更新: 201.8 @ 8.96s
2026-09-04 14:05:39,167 - DVPTest - DEBUG - 充气中间值 200.0 mmHg 到达 @ 8.96s
2026-09-04 14:05:39,167 - DVPTest - DEBUG - 物理分类结果: INFLATING
2026-09-04 14:05:39,167 - DVPTest - DEBUG - process_data: t=9.17, p=209.0, v=35.121, a=1.3, phase=INFLATING
2026-09-04 14:05:39,169 - DVPTest - DEBUG - 充气峰值更新: 209.0 @ 9.17s
2026-09-04 14:05:39,169 - DVPTest - DEBUG - 物理分类结果: INFLATING
2026-09-04 14:05:39,169 - DVPTest - DEBUG - process_data: t=9.36, p=215.8, v=34.615, a=-2.6, phase=INFLATING
2026-09-04 14:05:39,170 - DVPTest - DEBUG - 充气峰值更新: 215.8 @ 9.36s
2026-09-04 14:05:39,170 - DVPTest - DEBUG - 物理分类结果: INFLATING
2026-09-04 14:05:39,170 - DVPTest - DEBUG - process_data: t=9.56, p=222.3, v=32.893, a=-8.7, phase=INFLATING
2026-09-04 14:05:39,171 - DVPTest - DEBUG - 充气峰值更新: 222.3 @ 9.56s
2026-09-04 14:05:39,171 - DVPTest - DEBUG - 物理分类结果: INFLATING
2026-09-04 14:05:39,171 - DVPTest - DEBUG - process_data: t=9.77, p=229.3, v=33.865, a=4.7, phase=INFLATING
2026-09-04 14:05:39,171 - DVPTest - DEBUG - 充气峰值更新: 229.3 @ 9.77s
2026-09-04 14:05:39,172 - DVPTest - DEBUG - 物理分类结果: INFLATING
2026-09-04 14:05:39,173 - DVPTest - DEBUG - process_data: t=9.96, p=235.7, v=32.718, a=-5.9, phase=INFLATING
2026-09-04 14:05:39,173 - DVPTest - DEBUG - 充气峰值更新: 235.7 @ 9.96s
2026-09-04 14:05:39,173 - DVPTest - DEBUG - 物理分类结果: INFLATING
2026-09-04 14:05:39,173 - DVPTest - DEBUG - process_data: t=10.16, p=241.9, v=31.307, a=-7.1, phase=INFLATING
2026-09-04 14:05:39,174 - DVPTest - DEBUG - 充气峰值更新: 241.9 @ 10.16s
2026-09-04 14:05:39,174 - DVPTest - DEBUG - 物理分类结果: INFLATING
2026-09-04 14:05:39,175 - DVPTest - DEBUG - process_data: t=10.37, p=248.6, v=32.379, a=5.2, phase=INFLATING
2026-09-04 14:05:39,175 - DVPTest - DEBUG - 充气峰值更新: 248.6 @ 10.37s
2026-09-04 14:05:39,175 - DVPTest - DEBUG - 物理分类结果: INFLATING
2026-09-04 14:05:39,175 - DVPTest - DEBUG - process_data: t=10.56, p=254.6, v=31.179, a=-6.1, phase=INFLATING
2026-09-04 14:05:39,176 - DVPTest - DEBUG - 充气峰值更新: 254.6 @ 10.56s
2026-09-04 14:05:39,176 - DVPTest - DEBUG - 物理分类结果: INFLATING
2026-09-04 14:05:39,177 - DVPTest - DEBUG - process_data: t=10.76, p=260.5, v=29.697, a=-7.5, phase=INFLATING
2026-09-04 14:05:39,177 - DVPTest - DEBUG - 充气峰值更新: 260.5 @ 10.76s
2026-09-04 14:05:39,178 - DVPTest - DEBUG - 物理分类结果: INFLATING
2026-09-04 14:05:39,178 - DVPTest - DEBUG - process_data: t=10.97, p=266.8, v=30.338, a=3.1, phase=INFLATING
2026-09-04 14:05:39,178 - DVPTest - DEBUG - 充气峰值更新: 266.8 @ 10.97s
2026-09-04 14:05:39,179 - DVPTest - DEBUG - 物理分类结果: INFLATING
2026-09-04 14:05:39,179 - DVPTest - DEBUG - process_data: t=11.16, p=272.5, v=29.385, a=-4.9, phase=INFLATING
2026-09-04 14:05:39,179 - DVPTest - DEBUG - 充气峰值更新: 272.5 @ 11.16s
2026-09-04 14:05:39,180 - DVPTest - DEBUG - 物理分类结果: INFLATING
2026-09-04 14:05:39,180 - DVPTest - DEBUG - process_data: t=11.36, p=278.1, v=28.241, a=-5.7, phase=INFLATING
2026-09-04 14:05:39,180 - DVPTest - DEBUG - 充气峰值更新: 278.1 @ 11.36s
2026-09-04 14:05:39,180 - DVPTest - DEBUG - 物理分类结果: INFLATING
2026-09-04 14:05:39,181 - DVPTest - DEBUG - process_data: t=11.57, p=284.1, v=28.599, a=1.7, phase=INFLATING
2026-09-04 14:05:39,181 - DVPTest - DEBUG - 充气峰值更新: 284.1 @ 11.57s
2026-09-04 14:05:39,181 - DVPTest - DEBUG - 物理分类结果: INFLATING
2026-09-04 14:05:39,183 - DVPTest - DEBUG - process_data: t=11.76, p=289.5, v=28.196, a=-2.1, phase=INFLATING
2026-09-04 14:05:39,183 - DVPTest - DEBUG - 充气峰值更新: 289.5 @ 11.76s
2026-09-04 14:05:39,183 - DVPTest - DEBUG - 物理分类结果: INFLATING
2026-09-04 14:05:39,183 - DVPTest - DEBUG - process_data: t=11.96, p=294.8, v=26.566, a=-8.2, phase=INFLATING
2026-09-04 14:05:39,184 - DVPTest - DEBUG - 充气峰值更新: 294.8 @ 11.96s
2026-09-04 14:05:39,184 - DVPTest - DEBUG - 物理分类结果: INFLATING
2026-09-04 14:05:39,184 - DVPTest - DEBUG - process_data: t=12.17, p=300.4, v=26.971, a=1.9, phase=INFLATING
2026-09-04 14:05:39,185 - DVPTest - DEBUG - 充气峰值更新: 300.4 @ 12.17s
2026-09-04 14:05:39,185 - DVPTest - DEBUG - 充气目标值 300.0 mmHg 到达 @ 12.17s
2026-09-04 14:05:39,185 - DVPTest - DEBUG - 物理分类结果: INFLATING
2026-09-04 14:05:39,186 - DVPTest - DEBUG - process_data: t=12.36, p=305.6, v=26.753, a=-1.1, phase=INFLATING
2026-09-04 14:05:39,186 - DVPTest - DEBUG - 充气峰值更新: 305.6 @ 12.36s
2026-09-04 14:05:39,186 - DVPTest - DEBUG - 物理分类结果: INFLATING
2026-09-04 14:05:39,187 - DVPTest - DEBUG - process_data: t=12.56, p=310.6, v=25.100, a=-8.3, phase=INFLATING
2026-09-04 14:05:39,187 - DVPTest - DEBUG - 充气峰值更新: 310.6 @ 12.56s
2026-09-04 14:05:39,188 - DVPTest - DEBUG - 物理分类结果: INFLATING
2026-09-04 14:05:39,188 - DVPTest - DEBUG - process_data: t=12.77, p=316.0, v=25.971, a=4.2, phase=INFLATING
2026-09-04 14:05:39,188 - DVPTest - DEBUG - 充气峰值更新: 316.0 @ 12.77s
2026-09-04 14:05:39,188 - DVPTest - DEBUG - 物理分类结果: INFLATING
2026-09-04 14:05:39,190 - DVPTest - DEBUG - process_data: t=12.96, p=320.9, v=25.619, a=-1.8, phase=INFLATING
2026-09-04 14:05:39,190 - DVPTest - DEBUG - 充气峰值更新: 320.9 @ 12.96s
2026-09-04 14:05:39,190 - DVPTest - DEBUG - 物理分类结果: INFLATING
2026-09-04 14:05:39,190 - DVPTest - DEBUG - process_data: t=13.16, p=325.5, v=23.116, a=-12.6, phase=INFLATING
2026-09-04 14:05:39,191 - DVPTest - DEBUG - 充气峰值更新: 325.5 @ 13.16s
2026-09-04 14:05:39,191 - DVPTest - DEBUG - 物理分类结果: INFLATING
2026-09-04 14:05:39,192 - DVPTest - DEBUG - process_data: t=13.37, p=330.4, v=23.527, a=2.0, phase=INFLATING
2026-09-04 14:05:39,192 - DVPTest - DEBUG - 充气峰值更新: 330.4 @ 13.37s
2026-09-04 14:05:39,193 - DVPTest - DEBUG - 物理分类结果: INFLATING
2026-09-04 14:05:39,193 - DVPTest - DEBUG - process_data: t=13.56, p=335.0, v=23.333, a=-1.0, phase=INFLATING
2026-09-04 14:05:39,194 - DVPTest - DEBUG - 充气峰值更新: 335.0 @ 13.56s
2026-09-04 14:05:39,194 - DVPTest - DEBUG - 物理分类结果: INFLATING
2026-09-04 14:05:39,195 - DVPTest - DEBUG - process_data: t=13.76, p=339.5, v=23.096, a=-1.2, phase=INFLATING
2026-09-04 14:05:39,195 - DVPTest - DEBUG - 充气峰值更新: 339.5 @ 13.76s
2026-09-04 14:05:39,196 - DVPTest - DEBUG - 物理分类结果: INFLATING
2026-09-04 14:05:39,196 - DVPTest - DEBUG - process_data: t=13.97, p=344.3, v=22.947, a=-0.7, phase=INFLATING
2026-09-04 14:05:39,196 - DVPTest - DEBUG - 充气峰值更新: 344.3 @ 13.97s
2026-09-04 14:05:39,197 - DVPTest - DEBUG - 物理分类结果: INFLATING
2026-09-04 14:05:39,197 - DVPTest - DEBUG - process_data: t=14.16, p=348.2, v=20.154, a=-14.3, phase=INFLATING
2026-09-04 14:05:39,197 - DVPTest - DEBUG - 充气峰值更新: 348.2 @ 14.16s
2026-09-04 14:05:39,197 - DVPTest - DEBUG - 物理分类结果: INFLATING
2026-09-04 14:05:39,198 - DVPTest - DEBUG - process_data: t=14.36, p=349.1, v=4.724, a=-77.5, phase=INFLATING
2026-09-04 14:05:39,198 - DVPTest - DEBUG - 充气峰值更新: 349.1 @ 14.36s
2026-09-04 14:05:39,198 - DVPTest - DEBUG - 物理分类结果: INFLATING
2026-09-04 14:05:39,199 - DVPTest - DEBUG - process_data: t=14.57, p=349.6, v=2.184, a=-12.3, phase=INFLATING
2026-09-04 14:05:39,199 - DVPTest - DEBUG - 充气峰值更新: 349.6 @ 14.57s
2026-09-04 14:05:39,199 - DVPTest - DEBUG - 物理分类结果: INFLATING
2026-09-04 14:05:39,200 - DVPTest - DEBUG - process_data: t=14.76, p=349.6, v=0.205, a=-10.2, phase=INFLATING
2026-09-04 14:05:39,200 - DVPTest - DEBUG - 充气峰值更新: 349.6 @ 14.76s
2026-09-04 14:05:39,200 - DVPTest - DEBUG - 物理分类结果: INFLATING
2026-09-04 14:05:39,201 - DVPTest - DEBUG - process_data: t=14.96, p=349.8, v=0.854, a=3.3, phase=INFLATING
2026-09-04 14:05:39,201 - DVPTest - DEBUG - 充气峰值更新: 349.8 @ 14.96s
2026-09-04 14:05:39,201 - DVPTest - DEBUG - 物理分类结果: INFLATING
2026-09-04 14:05:39,202 - DVPTest - DEBUG - process_data: t=15.17, p=349.7, v=-0.485, a=-6.5, phase=INFLATING
2026-09-04 14:05:39,203 - DVPTest - DEBUG - [漏气] 检测到缓慢漏气 @ 15.17s, rate=-0.49
2026-09-04 14:05:39,203 - DVPTest - DEBUG - 物理分类结果: DEFLATING
2026-09-04 14:05:39,203 - DVPTest - DEBUG - process_data: t=15.36, p=349.9, v=1.179, a=8.5, phase=INFLATING
2026-09-04 14:05:39,203 - DVPTest - DEBUG - 充气峰值更新: 349.9 @ 15.36s
2026-09-04 14:05:39,204 - DVPTest - DEBUG - 物理分类结果: INFLATING
2026-09-04 14:05:39,204 - DVPTest - DEBUG - process_data: t=15.56, p=349.6, v=-1.364, a=-12.8, phase=INFLATING
2026-09-04 14:05:39,204 - DVPTest - DEBUG - 物理分类结果: DEFLATING
2026-09-04 14:05:39,205 - DVPTest - DEBUG - process_data: t=15.77, p=350.0, v=1.796, a=15.3, phase=INFLATING
2026-09-04 14:05:39,205 - DVPTest - DEBUG - 充气峰值更新: 350.0 @ 15.77s
2026-09-04 14:05:39,205 - DVPTest - DEBUG - 物理分类结果: INFLATING
2026-09-04 14:05:39,206 - DVPTest - DEBUG - process_data: t=15.96, p=349.7, v=-1.684, a=-17.8, phase=INFLATING
2026-09-04 14:05:39,206 - DVPTest - DEBUG - 物理分类结果: DEFLATING
2026-09-04 14:05:39,206 - DVPTest - DEBUG - process_data: t=16.16, p=350.0, v=1.566, a=16.4, phase=INFLATING
2026-09-04 14:05:39,206 - DVPTest - DEBUG - 物理分类结果: INFLATING
2026-09-04 14:05:39,207 - DVPTest - DEBUG - process_data: t=16.37, p=349.8, v=-0.966, a=-12.2, phase=INFLATING
2026-09-04 14:05:39,207 - DVPTest - DEBUG - [漏气] 检测到缓慢漏气 @ 16.37s, rate=-0.97
2026-09-04 14:05:39,207 - DVPTest - DEBUG - 物理分类结果: DEFLATING
2026-09-04 14:05:39,207 - DVPTest - DEBUG - process_data: t=16.56, p=350.0, v=1.026, a=10.2, phase=INFLATING
2026-09-04 14:05:39,209 - DVPTest - DEBUG - 物理分类结果: INFLATING
2026-09-04 14:05:39,209 - DVPTest - DEBUG - process_data: t=16.76, p=349.7, v=-1.313, a=-11.8, phase=INFLATING
2026-09-04 14:05:39,210 - DVPTest - DEBUG - 物理分类结果: DEFLATING
2026-09-04 14:05:39,210 - DVPTest - DEBUG - process_data: t=16.97, p=350.0, v=1.159, a=11.9, phase=INFLATING
2026-09-04 14:05:39,211 - DVPTest - DEBUG - 物理分类结果: INFLATING
2026-09-04 14:05:39,211 - DVPTest - DEBUG - process_data: t=17.16, p=349.8, v=-1.128, a=-11.7, phase=INFLATING
2026-09-04 14:05:39,211 - DVPTest - DEBUG - 物理分类结果: DEFLATING
2026-09-04 14:05:39,212 - DVPTest - DEBUG - process_data: t=17.36, p=349.9, v=0.960, a=10.5, phase=INFLATING
2026-09-04 14:05:39,212 - DVPTest - DEBUG - 物理分类结果: INFLATING
2026-09-04 14:05:39,212 - DVPTest - DEBUG - process_data: t=17.57, p=349.9, v=-0.437, a=-6.8, phase=INFLATING
2026-09-04 14:05:39,213 - DVPTest - DEBUG - [漏气] 检测到缓慢漏气 @ 17.57s, rate=-0.44
2026-09-04 14:05:39,213 - DVPTest - DEBUG - 物理分类结果: DEFLATING
2026-09-04 14:05:39,213 - DVPTest - DEBUG - process_data: t=17.76, p=349.8, v=-0.255, a=0.9, phase=INFLATING
2026-09-04 14:05:39,213 - DVPTest - DEBUG - 物理分类结果: DEFLATING
2026-09-04 14:05:39,214 - DVPTest - DEBUG - process_data: t=17.96, p=349.8, v=-0.050, a=1.0, phase=INFLATING
2026-09-04 14:05:39,214 - DVPTest - DEBUG - 物理分类结果: STABLE
2026-09-04 14:05:39,214 - DVPTest - DEBUG - process_data: t=18.17, p=349.9, v=0.476, a=2.5, phase=INFLATING
2026-09-04 14:05:39,215 - DVPTest - DEBUG - 物理分类结果: INFLATING
2026-09-04 14:05:39,215 - DVPTest - DEBUG - process_data: t=18.36, p=350.0, v=0.681, a=1.1, phase=INFLATING
2026-09-04 14:05:39,215 - DVPTest - DEBUG - 充气峰值更新: 350.0 @ 18.36s
2026-09-04 14:05:39,216 - DVPTest - DEBUG - 物理分类结果: INFLATING
2026-09-04 14:05:39,216 - DVPTest - DEBUG - process_data: t=18.56, p=349.8, v=-1.005, a=-8.5, phase=INFLATING
2026-09-04 14:05:39,216 - DVPTest - DEBUG - 物理分类结果: DEFLATING
2026-09-04 14:05:39,216 - DVPTest - DEBUG - process_data: t=18.77, p=349.8, v=-0.146, a=4.2, phase=INFLATING
2026-09-04 14:05:39,217 - DVPTest - DEBUG - [漏气] 检测到缓慢漏气 @ 18.77s, rate=-0.15
2026-09-04 14:05:39,219 - DVPTest - DEBUG - 物理分类结果: DEFLATING
2026-09-04 14:05:39,219 - DVPTest - DEBUG - process_data: t=18.96, p=349.8, v=0.103, a=1.3, phase=INFLATING
2026-09-04 14:05:39,219 - DVPTest - DEBUG - 物理分类结果: INFLATING
2026-09-04 14:05:39,220 - DVPTest - DEBUG - process_data: t=19.16, p=349.8, v=-0.201, a=-1.5, phase=INFLATING
2026-09-04 14:05:39,220 - DVPTest - DEBUG - [漏气] 检测到缓慢漏气 @ 19.16s, rate=-0.20
2026-09-04 14:05:39,220 - DVPTest - DEBUG - 物理分类结果: DEFLATING
2026-09-04 14:05:39,221 - DVPTest - DEBUG - process_data: t=19.37, p=349.8, v=-0.145, a=0.3, phase=INFLATING
2026-09-04 14:05:39,221 - DVPTest - DEBUG - 物理分类结果: DEFLATING
2026-09-04 14:05:39,221 - DVPTest - DEBUG - process_data: t=19.56, p=350.0, v=1.436, a=8.1, phase=INFLATING
2026-09-04 14:05:39,221 - DVPTest - DEBUG - 物理分类结果: INFLATING
2026-09-04 14:05:39,222 - DVPTest - DEBUG - process_data: t=19.76, p=350.1, v=0.201, a=-6.2, phase=INFLATING
2026-09-04 14:05:39,222 - DVPTest - DEBUG - 充气峰值更新: 350.1 @ 19.76s
2026-09-04 14:05:39,222 - DVPTest - DEBUG - 物理分类结果: INFLATING
2026-09-04 14:05:39,223 - DVPTest - DEBUG - process_data: t=19.97, p=349.9, v=-0.874, a=-5.2, phase=INFLATING
2026-09-04 14:05:39,223 - DVPTest - DEBUG - [漏气] 检测到缓慢漏气 @ 19.97s, rate=-0.87
2026-09-04 14:05:39,223 - DVPTest - DEBUG - 物理分类结果: DEFLATING
2026-09-04 14:05:39,223 - DVPTest - DEBUG - process_data: t=20.16, p=349.8, v=-0.256, a=3.2, phase=INFLATING
2026-09-04 14:05:39,224 - DVPTest - DEBUG - 物理分类结果: DEFLATING
2026-09-04 14:05:39,224 - DVPTest - DEBUG - process_data: t=20.36, p=349.8, v=-0.253, a=0.0, phase=INFLATING
2026-09-04 14:05:39,225 - DVPTest - DEBUG - 物理分类结果: DEFLATING
2026-09-04 14:05:39,225 - DVPTest - DEBUG - process_data: t=20.57, p=349.9, v=0.483, a=3.6, phase=INFLATING
2026-09-04 14:05:39,225 - DVPTest - DEBUG - 物理分类结果: INFLATING
2026-09-04 14:05:39,225 - DVPTest - DEBUG - process_data: t=20.76, p=349.8, v=-0.718, a=-6.2, phase=INFLATING
2026-09-04 14:05:39,226 - DVPTest - DEBUG - [漏气] 检测到缓慢漏气 @ 20.76s, rate=-0.72
2026-09-04 14:05:39,226 - DVPTest - DEBUG - 物理分类结果: DEFLATING
2026-09-04 14:05:39,227 - DVPTest - DEBUG - process_data: t=20.96, p=349.8, v=0.455, a=5.9, phase=INFLATING
2026-09-04 14:05:39,227 - DVPTest - DEBUG - 物理分类结果: INFLATING
2026-09-04 14:05:39,227 - DVPTest - DEBUG - process_data: t=21.17, p=349.9, v=0.193, a=-1.3, phase=INFLATING
2026-09-04 14:05:39,229 - DVPTest - DEBUG - 物理分类结果: INFLATING
2026-09-04 14:05:39,229 - DVPTest - DEBUG - process_data: t=21.36, p=349.8, v=-0.462, a=-3.4, phase=INFLATING
2026-09-04 14:05:39,229 - DVPTest - DEBUG - [漏气] 检测到缓慢漏气 @ 21.36s, rate=-0.46
2026-09-04 14:05:39,230 - DVPTest - DEBUG - 物理分类结果: DEFLATING
2026-09-04 14:05:39,230 - DVPTest - DEBUG - process_data: t=21.56, p=349.8, v=0.253, a=3.6, phase=INFLATING
2026-09-04 14:05:39,230 - DVPTest - DEBUG - 物理分类结果: INFLATING
2026-09-04 14:05:39,230 - DVPTest - DEBUG - process_data: t=21.77, p=349.8, v=-0.146, a=-1.9, phase=INFLATING
2026-09-04 14:05:39,231 - DVPTest - DEBUG - [漏气] 检测到缓慢漏气 @ 21.77s, rate=-0.15
2026-09-04 14:05:39,231 - DVPTest - DEBUG - 物理分类结果: DEFLATING
2026-09-04 14:05:39,231 - DVPTest - DEBUG - process_data: t=21.96, p=349.8, v=0.153, a=1.5, phase=INFLATING
2026-09-04 14:05:39,232 - DVPTest - DEBUG - 物理分类结果: INFLATING
2026-09-04 14:05:39,232 - DVPTest - DEBUG - process_data: t=22.16, p=349.8, v=-0.101, a=-1.3, phase=INFLATING
2026-09-04 14:05:39,232 - DVPTest - DEBUG - [漏气] 检测到缓慢漏气 @ 22.16s, rate=-0.10
2026-09-04 14:05:39,232 - DVPTest - DEBUG - 物理分类结果: DEFLATING
2026-09-04 14:05:39,233 - DVPTest - DEBUG - process_data: t=22.37, p=349.8, v=-0.293, a=-0.9, phase=INFLATING
2026-09-04 14:05:39,233 - DVPTest - DEBUG - 物理分类结果: DEFLATING
2026-09-04 14:05:39,234 - DVPTest - DEBUG - process_data: t=22.56, p=349.8, v=0.153, a=2.3, phase=INFLATING
2026-09-04 14:05:39,234 - DVPTest - DEBUG - 物理分类结果: INFLATING
2026-09-04 14:05:39,235 - DVPTest - DEBUG - process_data: t=22.76, p=349.9, v=0.758, a=3.1, phase=INFLATING
2026-09-04 14:05:39,235 - DVPTest - DEBUG - 物理分类结果: INFLATING
2026-09-04 14:05:39,235 - DVPTest - DEBUG - process_data: t=22.97, p=349.8, v=-0.483, a=-6.0, phase=INFLATING
2026-09-04 14:05:39,236 - DVPTest - DEBUG - [漏气] 检测到缓慢漏气 @ 22.97s, rate=-0.48
2026-09-04 14:05:39,236 - DVPTest - DEBUG - 物理分类结果: DEFLATING
2026-09-04 14:05:39,237 - DVPTest - DEBUG - process_data: t=23.16, p=349.8, v=-0.051, a=2.2, phase=INFLATING
2026-09-04 14:05:39,237 - DVPTest - DEBUG - 物理分类结果: STABLE
2026-09-04 14:05:39,237 - DVPTest - DEBUG - process_data: t=23.36, p=349.9, v=0.354, a=2.0, phase=INFLATING
2026-09-04 14:05:39,237 - DVPTest - DEBUG - 物理分类结果: INFLATING
2026-09-04 14:05:39,238 - DVPTest - DEBUG - process_data: t=23.57, p=349.9, v=-0.048, a=-1.9, phase=INFLATING
2026-09-04 14:05:39,238 - DVPTest - DEBUG - 物理分类结果: STABLE
2026-09-04 14:05:39,238 - DVPTest - DEBUG - process_data: t=23.76, p=349.9, v=-0.206, a=-0.8, phase=INFLATING
2026-09-04 14:05:39,239 - DVPTest - DEBUG - [漏气] 检测到缓慢漏气 @ 23.76s, rate=-0.21
2026-09-04 14:05:39,239 - DVPTest - DEBUG - 物理分类结果: DEFLATING
2026-09-04 14:05:39,239 - DVPTest - DEBUG - process_data: t=23.96, p=349.9, v=0.151, a=1.8, phase=INFLATING
2026-09-04 14:05:39,240 - DVPTest - DEBUG - 物理分类结果: INFLATING
2026-09-04 14:05:39,240 - DVPTest - DEBUG - process_data: t=24.17, p=349.9, v=-0.048, a=-1.0, phase=INFLATING
2026-09-04 14:05:39,241 - DVPTest - DEBUG - 物理分类结果: STABLE
2026-09-04 14:05:39,241 - DVPTest - DEBUG - process_data: t=24.36, p=349.8, v=-0.205, a=-0.8, phase=INFLATING
2026-09-04 14:05:39,241 - DVPTest - DEBUG - [漏气] 检测到缓慢漏气 @ 24.36s, rate=-0.21
2026-09-04 14:05:39,241 - DVPTest - DEBUG - 物理分类结果: DEFLATING
2026-09-04 14:05:39,242 - DVPTest - DEBUG - process_data: t=24.56, p=349.8, v=-0.354, a=-0.7, phase=INFLATING
2026-09-04 14:05:39,243 - DVPTest - DEBUG - 物理分类结果: DEFLATING
2026-09-04 14:05:39,243 - DVPTest - DEBUG - process_data: t=24.77, p=349.9, v=0.583, a=4.5, phase=INFLATING
2026-09-04 14:05:39,243 - DVPTest - DEBUG - 物理分类结果: INFLATING
2026-09-04 14:05:39,245 - DVPTest - DEBUG - process_data: t=24.96, p=349.9, v=-0.154, a=-3.8, phase=INFLATING
2026-09-04 14:05:39,245 - DVPTest - DEBUG - [漏气] 检测到缓慢漏气 @ 24.96s, rate=-0.15
2026-09-04 14:05:39,245 - DVPTest - DEBUG - 物理分类结果: DEFLATING
2026-09-04 14:05:39,246 - DVPTest - DEBUG - process_data: t=25.16, p=349.8, v=-0.100, a=0.3, phase=INFLATING
2026-09-04 14:05:39,246 - DVPTest - DEBUG - 物理分类结果: STABLE
2026-09-04 14:05:39,246 - DVPTest - DEBUG - process_data: t=25.37, p=349.8, v=-0.147, a=-0.2, phase=INFLATING
2026-09-04 14:05:39,247 - DVPTest - DEBUG - 物理分类结果: DEFLATING
2026-09-04 14:05:39,247 - DVPTest - DEBUG - process_data: t=25.56, p=348.1, v=-8.872, a=-44.7, phase=INFLATING
2026-09-04 14:05:39,247 - DVPTest - DEBUG - [主动泄气] 从漏气状态转换 @ 25.56s, rate=-8.87
2026-09-04 14:05:39,248 - DVPTest - INFO - ★ 泄气拐点确认 [主动泄气(漏气后)]: p=348.07 @ t=25.561s, rate=-8.87
2026-09-04 14:05:39,248 - DVPTest - SUCCESS - ★ 泄气拐点确认 [主动泄气(漏气后)]: p=348.07 @ t=25.561s, rate=-8.87
2026-09-04 14:05:39,248 - DVPTest - INFO - 充气结果输出（由泄气拐点触发）: {'state': 'DONE', 'start': {'value': 5.0, 'time': 3.921, 'reached': True}, 'mid': {'value': 200.0, 'time': 8.961, 'reached': True}, 'target': {'value': 300.0, 'time': 12.168, 'reached': True}, 'peak': {'value': 350.07, 'time': 19.761}}
2026-09-04 14:05:39,249 - DVPTest - SUCCESS - ★ 充气结果已触发（拐点）
2026-09-04 14:05:39,250 - DVPTest - DEBUG - [UI] _on_result_text: key=inflate, text=起始值5→中间值200 时间5.04s 速率38.69mmHg/s  起始值5→目标值300 时间8.25s 速率35.77mmHg/s
2026-09-04 14:05:39,250 - DVPTest - DEBUG - 物理分类结果: DEFLATING
2026-09-04 14:05:39,250 - DVPTest - DEBUG - process_data: t=25.76, p=331.7, v=-81.650, a=-363.9, phase=INFLATING
2026-09-04 14:05:39,251 - DVPTest - DEBUG - 物理分类结果: DEFLATING
2026-09-04 14:05:39,251 - DVPTest - DEBUG - 有效泄气迹象，下降 18.3 mmHg，计数 1/3
2026-09-04 14:05:39,251 - DVPTest - DEBUG - process_data: t=25.97, p=304.1, v=-134.417, a=-256.2, phase=INFLATING
2026-09-04 14:05:39,252 - DVPTest - DEBUG - 物理分类结果: DEFLATING
2026-09-04 14:05:39,252 - DVPTest - DEBUG - 有效泄气迹象，下降 46.0 mmHg，计数 2/3
2026-09-04 14:05:39,252 - DVPTest - DEBUG - process_data: t=26.16, p=273.9, v=-155.619, a=-109.3, phase=INFLATING
2026-09-04 14:05:39,253 - DVPTest - SUCCESS - ★ 泄气起始值 300.0 mmHg 真实穿越 @ 26.16s
2026-09-04 14:05:39,253 - DVPTest - DEBUG - 物理分类结果: DEFLATING
2026-09-04 14:05:39,253 - DVPTest - DEBUG - 有效泄气迹象，下降 76.2 mmHg，计数 3/3
2026-09-04 14:05:39,253 - DVPTest - WARNING - INFLATING → DEFLATING（保底），泄气开始，当前压力 273.9 @ 26.16s
2026-09-04 14:05:39,253 - DVPTest - DEBUG - process_data: t=26.36, p=240.1, v=-169.050, a=-67.2, phase=DEFLATING
2026-09-04 14:05:39,254 - DVPTest - DEBUG - 物理分类结果: DEFLATING
2026-09-04 14:05:39,254 - DVPTest - DEBUG - process_data: t=26.57, p=200.3, v=-192.718, a=-114.9, phase=DEFLATING
2026-09-04 14:05:39,254 - DVPTest - DEBUG - 物理分类结果: DEFLATING
2026-09-04 14:05:39,255 - DVPTest - DEBUG - process_data: t=26.76, p=161.9, v=-197.990, a=-27.2, phase=DEFLATING
2026-09-04 14:05:39,255 - DVPTest - SUCCESS - ★ 泄气中间值 200.0 mmHg 真实穿越 @ 26.76s
2026-09-04 14:05:39,255 - DVPTest - DEBUG - 物理分类结果: DEFLATING
2026-09-04 14:05:39,256 - DVPTest - DEBUG - process_data: t=26.96, p=127.1, v=-174.350, a=118.2, phase=DEFLATING
2026-09-04 14:05:39,256 - DVPTest - DEBUG - 物理分类结果: DEFLATING
2026-09-04 14:05:39,256 - DVPTest - DEBUG - process_data: t=27.17, p=95.4, v=-152.947, a=103.4, phase=DEFLATING
2026-09-04 14:05:39,256 - DVPTest - DEBUG - 物理分类结果: DEFLATING
2026-09-04 14:05:39,257 - DVPTest - DEBUG - process_data: t=27.41, p=66.6, v=-120.966, a=134.4, phase=DEFLATING
2026-09-04 14:05:39,257 - DVPTest - DEBUG - 物理分类结果: DEFLATING
2026-09-04 14:05:39,257 - DVPTest - DEBUG - process_data: t=27.60, p=48.6, v=-92.308, a=147.0, phase=DEFLATING
2026-09-04 14:05:39,258 - DVPTest - DEBUG - 物理分类结果: DEFLATING
2026-09-04 14:05:39,258 - DVPTest - DEBUG - process_data: t=27.80, p=35.0, v=-68.342, a=120.4, phase=DEFLATING
2026-09-04 14:05:39,259 - DVPTest - DEBUG - 物理分类结果: DEFLATING
2026-09-04 14:05:39,259 - DVPTest - DEBUG - process_data: t=28.01, p=24.5, v=-50.676, a=85.3, phase=DEFLATING
2026-09-04 14:05:39,260 - DVPTest - DEBUG - 物理分类结果: DEFLATING
2026-09-04 14:05:39,260 - DVPTest - DEBUG - process_data: t=28.20, p=17.8, v=-34.235, a=83.9, phase=DEFLATING
2026-09-04 14:05:39,260 - DVPTest - DEBUG - 物理分类结果: DEFLATING
2026-09-04 14:05:39,261 - DVPTest - DEBUG - process_data: t=28.40, p=13.2, v=-23.350, a=55.3, phase=DEFLATING
2026-09-04 14:05:39,261 - DVPTest - DEBUG - 物理分类结果: DEFLATING
2026-09-04 14:05:39,261 - DVPTest - DEBUG - process_data: t=28.61, p=9.9, v=-15.913, a=35.8, phase=DEFLATING
2026-09-04 14:05:39,262 - DVPTest - DEBUG - 物理分类结果: DEFLATING
2026-09-04 14:05:39,262 - DVPTest - DEBUG - process_data: t=28.80, p=7.8, v=-10.829, a=26.3, phase=DEFLATING
2026-09-04 14:05:39,262 - DVPTest - DEBUG - 物理分类结果: DEFLATING
2026-09-04 14:05:39,262 - DVPTest - DEBUG - process_data: t=29.00, p=6.2, v=-7.889, a=14.8, phase=DEFLATING
2026-09-04 14:05:39,263 - DVPTest - DEBUG - 物理分类结果: DEFLATING
2026-09-04 14:05:39,263 - DVPTest - DEBUG - process_data: t=29.21, p=5.0, v=-5.922, a=9.5, phase=DEFLATING
2026-09-04 14:05:39,263 - DVPTest - DEBUG - 物理分类结果: DEFLATING
2026-09-04 14:05:39,264 - DVPTest - DEBUG - process_data: t=29.40, p=4.2, v=-4.184, a=8.9, phase=DEFLATING
2026-09-04 14:05:39,265 - DVPTest - SUCCESS - ★ 泄气目标值 5.0 mmHg 真实穿越 @ 29.40s
2026-09-04 14:05:39,268 - DVPTest - INFO - 泄气结果输出（由目标值到达触发）: {'state': 'DONE', 'start': {'value': 300.0, 'time': 26.161, 'reached': True}, 'mid': {'value': 200.0, 'time': 26.761, 'reached': True}, 'target': {'value': 5.0, 'time': 29.402, 'reached': True}, 'peak': {'value': 348.07, 'time': 25.561}, 'inflection': {'value': 348.07, 'time': 25.561, 'rate': -8.871794871794952, 'method': '主动泄气(漏气后)'}}
2026-09-04 14:05:39,268 - DVPTest - SUCCESS - ★ 泄气结果已触发（目标到达）
2026-09-04 14:05:39,269 - DVPTest - DEBUG - [UI] _on_result_text: key=deflate, text=起始值300→目标值5 时间3.24s 速率91.02mmHg/s  中间值200→目标值5 时间2.64s 速率73.84mmHg/s
2026-09-04 14:05:39,269 - DVPTest - DEBUG - 物理分类结果: DEFLATING
2026-09-04 14:05:39,269 - DVPTest - DEBUG - process_data: t=29.60, p=3.6, v=-3.266, a=4.6, phase=DEFLATING
2026-09-04 14:05:39,270 - DVPTest - DEBUG - 物理分类结果: DEFLATING
2026-09-04 14:05:39,270 - DVPTest - DEBUG - process_data: t=29.81, p=3.0, v=-2.878, a=1.9, phase=DEFLATING
2026-09-04 14:05:39,270 - DVPTest - DEBUG - 物理分类结果: DEFLATING
2026-09-04 14:05:39,271 - DVPTest - DEBUG - process_data: t=30.00, p=2.5, v=-2.194, a=3.5, phase=DEFLATING
2026-09-04 14:05:39,271 - DVPTest - DEBUG - 物理分类结果: DEFLATING
2026-09-04 14:05:39,271 - DVPTest - DEBUG - process_data: t=30.20, p=2.2, v=-1.658, a=2.7, phase=DEFLATING
2026-09-04 14:05:39,271 - DVPTest - DEBUG - 物理分类结果: DEFLATING
2026-09-04 14:05:39,272 - DVPTest - DEBUG - process_data: t=30.41, p=1.9, v=-1.512, a=0.7, phase=DEFLATING
2026-09-04 14:05:39,272 - DVPTest - DEBUG - 物理分类结果: DEFLATING
2026-09-04 14:05:39,272 - DVPTest - DEBUG - process_data: t=30.60, p=1.7, v=-1.224, a=1.5, phase=DEFLATING
2026-09-04 14:05:39,272 - DVPTest - DEBUG - 物理分类结果: DEFLATING
2026-09-04 14:05:39,273 - DVPTest - DEBUG - process_data: t=30.80, p=1.4, v=-1.212, a=0.1, phase=DEFLATING
2026-09-04 14:05:39,273 - DVPTest - DEBUG - 物理分类结果: DEFLATING
2026-09-04 14:05:39,273 - DVPTest - DEBUG - process_data: t=31.01, p=1.2, v=-0.922, a=1.4, phase=DEFLATING
2026-09-04 14:05:39,274 - DVPTest - DEBUG - 物理分类结果: DEFLATING
2026-09-04 14:05:39,274 - DVPTest - DEBUG - process_data: t=31.20, p=1.1, v=-0.459, a=2.4, phase=DEFLATING
2026-09-04 14:05:39,275 - DVPTest - DEBUG - 物理分类结果: DEFLATING
2026-09-04 14:05:39,275 - DVPTest - DEBUG - process_data: t=31.40, p=1.0, v=-0.854, a=-2.0, phase=DEFLATING
2026-09-04 14:05:39,275 - DVPTest - DEBUG - 物理分类结果: DEFLATING
2026-09-04 14:05:39,276 - DVPTest - DEBUG - process_data: t=31.61, p=0.9, v=-0.341, a=2.5, phase=DEFLATING
2026-09-04 14:05:39,276 - DVPTest - DEBUG - 物理分类结果: DEFLATING
2026-09-04 14:05:39,277 - DVPTest - DEBUG - process_data: t=31.80, p=0.8, v=-0.462, a=-0.6, phase=DEFLATING
2026-09-04 14:05:39,277 - DVPTest - DEBUG - 物理分类结果: DEFLATING
2026-09-04 14:05:39,278 - DVPTest - DEBUG - process_data: t=32.00, p=0.7, v=-0.503, a=-0.2, phase=DEFLATING
2026-09-04 14:05:39,278 - DVPTest - DEBUG - 物理分类结果: DEFLATING
2026-09-04 14:05:39,278 - DVPTest - DEBUG - process_data: t=32.21, p=0.7, v=-0.145, a=1.7, phase=DEFLATING
2026-09-04 14:05:39,279 - DVPTest - DEBUG - 物理分类结果: DEFLATING
2026-09-04 14:05:39,279 - DVPTest - DEBUG - process_data: t=32.40, p=0.7, v=-0.154, a=-0.0, phase=DEFLATING
2026-09-04 14:05:39,279 - DVPTest - DEBUG - 物理分类结果: DEFLATING
2026-09-04 14:05:39,280 - DVPTest - DEBUG - process_data: t=32.60, p=0.6, v=-0.455, a=-1.5, phase=DEFLATING
2026-09-04 14:05:39,280 - DVPTest - DEBUG - 物理分类结果: DEFLATING
2026-09-04 14:05:39,281 - DVPTest - DEBUG - process_data: t=32.81, p=0.5, v=-0.242, a=1.0, phase=DEFLATING
2026-09-04 14:05:39,281 - DVPTest - DEBUG - 物理分类结果: DEFLATING
2026-09-04 14:05:39,281 - DVPTest - DEBUG - process_data: t=33.00, p=0.5, v=-0.103, a=0.7, phase=DEFLATING
2026-09-04 14:05:39,282 - DVPTest - DEBUG - 物理分类结果: DEFLATING
2026-09-04 14:05:39,282 - DVPTest - DEBUG - process_data: t=33.20, p=0.5, v=-0.200, a=-0.5, phase=DEFLATING
2026-09-04 14:05:39,282 - DVPTest - DEBUG - 物理分类结果: DEFLATING
2026-09-04 14:05:39,283 - DVPTest - DEBUG - process_data: t=33.41, p=0.4, v=-0.146, a=0.3, phase=DEFLATING
2026-09-04 14:05:39,283 - DVPTest - DEBUG - 物理分类结果: DEFLATING
2026-09-04 14:05:39,283 - DVPTest - DEBUG - process_data: t=33.60, p=0.4, v=-0.256, a=-0.6, phase=DEFLATING
2026-09-04 14:05:39,284 - DVPTest - DEBUG - 物理分类结果: DEFLATING
2026-09-04 14:05:39,284 - DVPTest - DEBUG - process_data: t=33.80, p=0.4, v=0.000, a=1.3, phase=DEFLATING
2026-09-04 14:05:39,284 - DVPTest - DEBUG - 物理分类结果: STABLE
2026-09-04 14:05:39,285 - DVPTest - INFO - DEFLATING → DONE，泄气完成
2026-09-04 14:05:39,285 - DVPTest - DEBUG - 阶段 DONE，忽略新数据 t=34.01
2026-09-04 14:05:39,285 - DVPTest - DEBUG - 阶段 DONE，忽略新数据 t=34.20
2026-09-04 14:05:39,286 - DVPTest - DEBUG - 阶段 DONE，忽略新数据 t=34.40
2026-09-04 14:05:39,286 - DVPTest - DEBUG - 阶段 DONE，忽略新数据 t=34.61
2026-09-04 14:05:39,286 - DVPTest - DEBUG - 阶段 DONE，忽略新数据 t=34.80
2026-09-04 14:05:39,286 - DVPTest - DEBUG - 阶段 DONE，忽略新数据 t=35.00
2026-09-04 14:05:39,287 - DVPTest - DEBUG - 阶段 DONE，忽略新数据 t=35.21
2026-09-04 14:05:39,287 - DVPTest - DEBUG - 阶段 DONE，忽略新数据 t=35.40
2026-09-04 14:05:39,287 - DVPTest - DEBUG - 阶段 DONE，忽略新数据 t=35.60
2026-09-04 14:05:39,288 - DVPTest - DEBUG - 阶段 DONE，忽略新数据 t=35.81
2026-09-04 14:05:39,288 - DVPTest - DEBUG - 阶段 DONE，忽略新数据 t=36.00
2026-09-04 14:05:39,288 - DVPTest - DEBUG - 阶段 DONE，忽略新数据 t=36.20
2026-09-04 14:05:39,289 - DVPTest - DEBUG - 阶段 DONE，忽略新数据 t=36.41
2026-09-04 14:05:39,289 - DVPTest - DEBUG - 阶段 DONE，忽略新数据 t=36.60
2026-09-04 14:05:39,289 - DVPTest - DEBUG - 阶段 DONE，忽略新数据 t=36.80
2026-09-04 14:05:39,289 - DVPTest - DEBUG - 阶段 DONE，忽略新数据 t=37.01
2026-09-04 14:05:39,290 - DVPTest - DEBUG - 阶段 DONE，忽略新数据 t=37.20
2026-09-04 14:05:39,290 - DVPTest - DEBUG - 阶段 DONE，忽略新数据 t=37.40
2026-09-04 14:05:39,290 - DVPTest - DEBUG - 阶段 DONE，忽略新数据 t=37.61
2026-09-04 14:05:39,290 - DVPTest - DEBUG - 阶段 DONE，忽略新数据 t=37.80
2026-09-04 14:05:39,291 - DVPTest - DEBUG - 阶段 DONE，忽略新数据 t=38.00
2026-09-04 14:05:39,291 - DVPTest - DEBUG - 阶段 DONE，忽略新数据 t=38.21
2026-09-04 14:05:39,292 - DVPTest - DEBUG - 阶段 DONE，忽略新数据 t=38.40
2026-09-04 14:05:39,292 - DVPTest - DEBUG - 阶段 DONE，忽略新数据 t=38.60
2026-09-04 14:05:39,293 - DVPTest - DEBUG - 阶段 DONE，忽略新数据 t=38.81
2026-09-04 14:05:39,293 - DVPTest - DEBUG - 阶段 DONE，忽略新数据 t=39.00
2026-09-04 14:05:39,293 - DVPTest - DEBUG - 阶段 DONE，忽略新数据 t=39.20
2026-09-04 14:05:39,294 - DVPTest - DEBUG - 阶段 DONE，忽略新数据 t=39.41
2026-09-04 14:05:39,294 - DVPTest - DEBUG - 阶段 DONE，忽略新数据 t=39.60
2026-09-04 14:05:39,295 - DVPTest - DEBUG - 阶段 DONE，忽略新数据 t=39.80
2026-09-04 14:05:39,295 - DVPTest - DEBUG - 阶段 DONE，忽略新数据 t=40.01
2026-09-04 14:05:39,296 - DVPTest - DEBUG - 阶段 DONE，忽略新数据 t=40.20
2026-09-04 14:05:39,296 - DVPTest - DEBUG - 阶段 DONE，忽略新数据 t=40.40
2026-09-04 14:05:39,296 - DVPTest - DEBUG - 阶段 DONE，忽略新数据 t=40.61
2026-09-04 14:05:39,297 - DVPTest - DEBUG - 阶段 DONE，忽略新数据 t=40.80
2026-09-04 14:05:39,297 - DVPTest - DEBUG - 阶段 DONE，忽略新数据 t=41.00
2026-09-04 14:05:39,297 - DVPTest - DEBUG - 阶段 DONE，忽略新数据 t=41.21
2026-09-04 14:05:39,297 - DVPTest - DEBUG - 阶段 DONE，忽略新数据 t=41.40
2026-09-04 14:05:39,298 - DVPTest - DEBUG - 阶段 DONE，忽略新数据 t=41.60
2026-09-04 14:05:39,298 - DVPTest - DEBUG - 阶段 DONE，忽略新数据 t=41.81
2026-09-04 14:05:39,298 - DVPTest - DEBUG - 阶段 DONE，忽略新数据 t=42.00
2026-09-04 14:05:39,299 - DVPTest - DEBUG - 阶段 DONE，忽略新数据 t=42.20
2026-09-04 14:05:39,299 - DVPTest - DEBUG - 阶段 DONE，忽略新数据 t=42.41
2026-09-04 14:05:39,299 - DVPTest - DEBUG - 阶段 DONE，忽略新数据 t=42.60
2026-09-04 14:05:39,299 - DVPTest - DEBUG - 阶段 DONE，忽略新数据 t=42.80
2026-09-04 14:05:39,300 - DVPTest - DEBUG - 阶段 DONE，忽略新数据 t=43.01
2026-09-04 14:05:39,300 - DVPTest - DEBUG - 阶段 DONE，忽略新数据 t=43.20
2026-09-04 14:05:39,300 - DVPTest - DEBUG - 阶段 DONE，忽略新数据 t=43.40
2026-09-04 14:05:39,301 - DVPTest - DEBUG - 阶段 DONE，忽略新数据 t=43.61
2026-09-04 14:05:39,301 - DVPTest - DEBUG - 阶段 DONE，忽略新数据 t=43.80
2026-09-04 14:05:39,301 - DVPTest - DEBUG - 阶段 DONE，忽略新数据 t=44.00
2026-09-04 14:05:39,301 - DVPTest - DEBUG - 阶段 DONE，忽略新数据 t=44.20
2026-09-04 14:05:39,302 - DVPTest - DEBUG - 阶段 DONE，忽略新数据 t=44.40
2026-09-04 14:05:39,302 - DVPTest - DEBUG - 阶段 DONE，忽略新数据 t=44.60
2026-09-04 14:05:39,302 - DVPTest - DEBUG - 阶段 DONE，忽略新数据 t=44.81
2026-09-04 14:05:39,302 - DVPTest - DEBUG - 阶段 DONE，忽略新数据 t=45.00
2026-09-04 14:05:39,303 - DVPTest - DEBUG - 阶段 DONE，忽略新数据 t=45.20
2026-09-04 14:05:39,303 - DVPTest - DEBUG - 阶段 DONE，忽略新数据 t=45.41
2026-09-04 14:05:39,303 - DVPTest - DEBUG - 阶段 DONE，忽略新数据 t=45.60
2026-09-04 14:05:39,304 - DVPTest - DEBUG - 阶段 DONE，忽略新数据 t=45.80
2026-09-04 14:05:39,304 - DVPTest - DEBUG - 阶段 DONE，忽略新数据 t=46.01
2026-09-04 14:05:39,304 - DVPTest - DEBUG - 阶段 DONE，忽略新数据 t=46.20
2026-09-04 14:05:39,305 - DVPTest - DEBUG - 阶段 DONE，忽略新数据 t=46.40
2026-09-04 14:05:39,305 - DVPTest - DEBUG - 阶段 DONE，忽略新数据 t=46.61
2026-09-04 14:05:39,305 - DVPTest - DEBUG - [UI] _on_result_text: key=inflate, text=起始值5→中间值200 时间5.04s 速率38.69mmHg/s  起始值5→目标值300 时间8.25s 速率35.77mmHg/s
2026-09-04 14:05:39,305 - DVPTest - DEBUG - [UI] _on_result_text: key=deflate, text=起始值300→目标值5 时间3.24s 速率91.02mmHg/s  中间值200→目标值5 时间2.64s 速率73.84mmHg/s
2026-09-04 14:05:39,306 - DVPTest - SUCCESS - 已加载波形: 情景1.csv
