2026-09-04 10:10:39,550 - DVPTest - INFO - === test_managers.py 已加载（新版本）===
2026-09-04 10:10:39,551 - DVPTest - INFO - [TestManager] 初始化完成（完全解耦 + InflectionDetector 版）
2026-09-04 10:10:40,414 - DVPTest - DEBUG - [UI] MainWindow 初始化完成
2026-09-04 10:10:56,935 - DVPTest - INFO - 视图已锁定，不再自动适配缩放
2026-09-04 10:10:58,460 - DVPTest - INFO - 视图已解锁，恢复自动适配
2026-09-04 10:11:06,018 - DVPTest - INFO - 设备识别: unknown
2026-09-04 10:11:06,019 - DVPTest - SUCCESS - 已连接到串口 COM25 @ 115200 bps
2026-09-04 10:11:06,024 - DVPTest - INFO - 正在打开串口 COM25 @ 115200
2026-09-04 10:11:06,025 - DVPTest - ERROR - run() 异常: could not open port 'COM25': PermissionError(13, '拒绝访问。', None, 5)
2026-09-04 10:11:06,026 - DVPTest - INFO - run() 结束
2026-09-04 10:11:06,026 - DVPTest - SUCCESS - 开始记录数据，文件: ./logs/csv\pressure_data_20260904_101106.csv
2026-09-04 10:11:06,027 - DVPTest - DEBUG - [TestManager] reset 完成
2026-09-04 10:11:06,027 - DVPTest - DEBUG - 充气参数更新: start=5.0, mid=200.0, target=300.0
2026-09-04 10:11:06,028 - DVPTest - DEBUG - [UI] _connect 完成
2026-09-04 10:11:06,030 - DVPTest - ERROR - 串口错误: could not open port 'COM25': PermissionError(13, '拒绝访问。', None, 5)
2026-09-04 10:11:07,211 - DVPTest - INFO - 退出程序：测试未运行，直接断开
2026-09-04 10:11:07,212 - DVPTest - DEBUG - [TestManager] reset 完成
2026-09-04 10:11:07,212 - DVPTest - INFO - 数据已重置，绘图恢复
2026-09-04 10:11:07,213 - DVPTest - SUCCESS - 已断开串口
2026-09-04 10:11:07,213 - DVPTest - INFO - 停止记录数据
2026-09-04 10:11:07,214 - DVPTest - INFO - 已断开连接，自动连接已暂停（如需重新启用，请手动连接一次）
2026-09-04 10:11:07,216 - DVPTest - DEBUG - [UI] _disconnect 完成
2026-09-04 10:11:08,075 - DVPTest - INFO - 设备识别: unknown
2026-09-04 10:11:08,076 - DVPTest - SUCCESS - 已连接到串口 COM25 @ 115200 bps
2026-09-04 10:11:08,078 - DVPTest - SUCCESS - 开始记录数据，文件: ./logs/csv\pressure_data_20260904_101108.csv
2026-09-04 10:11:08,078 - DVPTest - INFO - 正在打开串口 COM25 @ 115200
2026-09-04 10:11:08,078 - DVPTest - DEBUG - [TestManager] reset 完成
2026-09-04 10:11:08,079 - DVPTest - ERROR - run() 异常: could not open port 'COM25': PermissionError(13, '拒绝访问。', None, 5)
2026-09-04 10:11:08,079 - DVPTest - DEBUG - 充气参数更新: start=5.0, mid=200.0, target=300.0
2026-09-04 10:11:08,079 - DVPTest - INFO - run() 结束
2026-09-04 10:11:08,080 - DVPTest - DEBUG - [UI] _connect 完成
2026-09-04 10:11:08,084 - DVPTest - ERROR - 串口错误: could not open port 'COM25': PermissionError(13, '拒绝访问。', None, 5)
2026-09-04 10:11:09,275 - DVPTest - INFO - 退出程序：测试未运行，直接断开
2026-09-04 10:11:09,276 - DVPTest - DEBUG - [TestManager] reset 完成
2026-09-04 10:11:09,277 - DVPTest - INFO - 数据已重置，绘图恢复
2026-09-04 10:11:09,277 - DVPTest - SUCCESS - 已断开串口
2026-09-04 10:11:09,279 - DVPTest - INFO - 停止记录数据
2026-09-04 10:11:09,280 - DVPTest - INFO - 已断开连接，自动连接已暂停（如需重新启用，请手动连接一次）
2026-09-04 10:11:09,281 - DVPTest - DEBUG - [UI] _disconnect 完成
