2026-09-04 10:51:11,513 - DVPTest - INFO - === test_managers.py 已加载（新版本）===
2026-09-04 10:51:11,514 - DVPTest - INFO - [TestManager] 初始化完成（完全解耦 + InflectionDetector 版）
2026-09-04 10:51:12,574 - DVPTest - DEBUG - [UI] MainWindow 初始化完成
2026-09-04 10:51:15,112 - DVPTest - INFO - 切换主题为: light
2026-09-04 10:51:15,947 - DVPTest - INFO - 切换主题为: dark
2026-09-04 10:51:16,988 - DVPTest - INFO - 切换主题为: light
2026-09-04 10:51:17,807 - DVPTest - INFO - 切换主题为: dark
2026-09-04 10:51:18,981 - DVPTest - INFO - 切换主题为: light
2026-09-04 10:51:19,724 - DVPTest - INFO - 切换主题为: dark
2026-09-04 10:51:20,743 - DVPTest - INFO - 切换主题为: light
2026-09-04 10:51:21,588 - DVPTest - INFO - 切换主题为: dark
2026-09-04 10:51:23,206 - DVPTest - INFO - 设备识别: unknown
2026-09-04 10:51:23,206 - DVPTest - SUCCESS - 已连接到串口 COM25 @ 115200 bps
2026-09-04 10:51:23,211 - DVPTest - INFO - 正在打开串口 COM25 @ 115200
2026-09-04 10:51:23,212 - DVPTest - ERROR - run() 异常: could not open port 'COM25': PermissionError(13, '拒绝访问。', None, 5)
2026-09-04 10:51:23,212 - DVPTest - SUCCESS - 开始记录数据，文件: ./logs/csv\pressure_data_20260904_105123.csv
2026-09-04 10:51:23,212 - DVPTest - INFO - run() 结束
2026-09-04 10:51:23,214 - DVPTest - DEBUG - [TestManager] reset 完成
2026-09-04 10:51:23,214 - DVPTest - DEBUG - 充气参数更新: start=5.0, mid=200.0, target=300.0
2026-09-04 10:51:23,220 - DVPTest - ERROR - 串口错误: could not open port 'COM25': PermissionError(13, '拒绝访问。', None, 5)
2026-09-04 10:51:24,612 - DVPTest - INFO - 退出程序：测试未运行，直接断开
2026-09-04 10:51:24,613 - DVPTest - DEBUG - [TestManager] reset 完成
2026-09-04 10:51:24,614 - DVPTest - INFO - 数据已重置，绘图恢复
2026-09-04 10:51:24,614 - DVPTest - SUCCESS - 已断开串口
2026-09-04 10:51:24,615 - DVPTest - INFO - 停止记录数据
2026-09-04 10:51:24,617 - DVPTest - INFO - 已断开连接，自动连接已暂停（如需重新启用，请手动连接一次）
2026-09-04 10:51:26,391 - DVPTest - INFO - 设备识别: unknown
2026-09-04 10:51:26,392 - DVPTest - SUCCESS - 已连接到串口 COM25 @ 115200 bps
2026-09-04 10:51:26,393 - DVPTest - INFO - 正在打开串口 COM25 @ 115200
2026-09-04 10:51:26,394 - DVPTest - ERROR - run() 异常: could not open port 'COM25': PermissionError(13, '拒绝访问。', None, 5)
2026-09-04 10:51:26,394 - DVPTest - INFO - run() 结束
2026-09-04 10:51:26,394 - DVPTest - SUCCESS - 开始记录数据，文件: ./logs/csv\pressure_data_20260904_105126.csv
2026-09-04 10:51:26,394 - DVPTest - DEBUG - [TestManager] reset 完成
2026-09-04 10:51:26,395 - DVPTest - DEBUG - 充气参数更新: start=5.0, mid=200.0, target=300.0
2026-09-04 10:51:26,396 - DVPTest - ERROR - 串口错误: could not open port 'COM25': PermissionError(13, '拒绝访问。', None, 5)
2026-09-04 10:51:27,116 - DVPTest - INFO - 退出程序：测试未运行，直接断开
2026-09-04 10:51:27,117 - DVPTest - DEBUG - [TestManager] reset 完成
2026-09-04 10:51:27,118 - DVPTest - INFO - 数据已重置，绘图恢复
2026-09-04 10:51:27,118 - DVPTest - SUCCESS - 已断开串口
2026-09-04 10:51:27,119 - DVPTest - INFO - 停止记录数据
2026-09-04 10:51:27,120 - DVPTest - INFO - 已断开连接，自动连接已暂停（如需重新启用，请手动连接一次）
2026-09-04 10:51:28,938 - DVPTest - INFO - 切换主题为: light
2026-09-04 10:51:30,814 - DVPTest - INFO - 切换主题为: dark
2026-09-04 10:51:31,455 - DVPTest - INFO - 切换主题为: light
2026-09-04 10:51:32,107 - DVPTest - INFO - 切换主题为: dark
2026-09-04 10:51:32,783 - DVPTest - INFO - 切换主题为: light
2026-09-04 10:51:33,346 - DVPTest - INFO - 切换主题为: dark
2026-09-04 10:51:34,114 - DVPTest - INFO - 切换主题为: light
2026-09-04 10:51:34,709 - DVPTest - INFO - 切换主题为: dark
2026-09-04 10:51:35,479 - DVPTest - INFO - 切换主题为: light
2026-09-04 10:51:41,625 - DVPTest - INFO - 切换主题为: dark
2026-09-04 10:51:42,058 - DVPTest - INFO - 切换主题为: light
